###############################################################################
#
# IAR ELF Linker V8.22.1.15669/W32 for ARM                22/Dec/2024  19:06:49
# Copyright 2007-2018 IAR Systems AB.
#
#    Output file  =  
#        C:\Users\pnu3\Desktop\project_test (1) 2-1\Debug\Exe\test.out
#    Map file     =  
#        C:\Users\pnu3\Desktop\project_test (1) 2-1\Debug\List\test.map
#    Command line =  
#        -f C:\Users\pnu3\AppData\Local\Temp\EWE0DA.tmp
#        ("C:\Users\pnu3\Desktop\project_test (1) 2-1\Debug\Obj\main.o"
#        "C:\Users\pnu3\Desktop\project_test (1) 2-1\Debug\Obj\misc.o"
#        "C:\Users\pnu3\Desktop\project_test (1)
#        2-1\Debug\Obj\startup_stm32f10x_cl.o"
#        "C:\Users\pnu3\Desktop\project_test (1) 2-1\Debug\Obj\stm32f10x_adc.o"
#        "C:\Users\pnu3\Desktop\project_test (1) 2-1\Debug\Obj\stm32f10x_bkp.o"
#        "C:\Users\pnu3\Desktop\project_test (1) 2-1\Debug\Obj\stm32f10x_can.o"
#        "C:\Users\pnu3\Desktop\project_test (1) 2-1\Debug\Obj\stm32f10x_cec.o"
#        "C:\Users\pnu3\Desktop\project_test (1) 2-1\Debug\Obj\stm32f10x_crc.o"
#        "C:\Users\pnu3\Desktop\project_test (1) 2-1\Debug\Obj\stm32f10x_dac.o"
#        "C:\Users\pnu3\Desktop\project_test (1)
#        2-1\Debug\Obj\stm32f10x_dbgmcu.o" "C:\Users\pnu3\Desktop\project_test
#        (1) 2-1\Debug\Obj\stm32f10x_dma.o" "C:\Users\pnu3\Desktop\project_test
#        (1) 2-1\Debug\Obj\stm32f10x_exti.o"
#        "C:\Users\pnu3\Desktop\project_test (1)
#        2-1\Debug\Obj\stm32f10x_flash.o" "C:\Users\pnu3\Desktop\project_test
#        (1) 2-1\Debug\Obj\stm32f10x_fsmc.o"
#        "C:\Users\pnu3\Desktop\project_test (1)
#        2-1\Debug\Obj\stm32f10x_gpio.o" "C:\Users\pnu3\Desktop\project_test
#        (1) 2-1\Debug\Obj\stm32f10x_HC-SR04.o"
#        "C:\Users\pnu3\Desktop\project_test (1) 2-1\Debug\Obj\stm32f10x_i2c.o"
#        "C:\Users\pnu3\Desktop\project_test (1) 2-1\Debug\Obj\stm32f10x_it.o"
#        "C:\Users\pnu3\Desktop\project_test (1)
#        2-1\Debug\Obj\stm32f10x_iwdg.o" "C:\Users\pnu3\Desktop\project_test
#        (1) 2-1\Debug\Obj\stm32f10x_pwr.o" "C:\Users\pnu3\Desktop\project_test
#        (1) 2-1\Debug\Obj\stm32f10x_rcc.o" "C:\Users\pnu3\Desktop\project_test
#        (1) 2-1\Debug\Obj\stm32f10x_rtc.o" "C:\Users\pnu3\Desktop\project_test
#        (1) 2-1\Debug\Obj\stm32f10x_sdio.o"
#        "C:\Users\pnu3\Desktop\project_test (1) 2-1\Debug\Obj\stm32f10x_spi.o"
#        "C:\Users\pnu3\Desktop\project_test (1) 2-1\Debug\Obj\stm32f10x_tim.o"
#        "C:\Users\pnu3\Desktop\project_test (1)
#        2-1\Debug\Obj\stm32f10x_usart.o" "C:\Users\pnu3\Desktop\project_test
#        (1) 2-1\Debug\Obj\stm32f10x_wwdg.o"
#        "C:\Users\pnu3\Desktop\project_test (1)
#        2-1\Debug\Obj\system_stm32f10x.o" -o
#        "C:\Users\pnu3\Desktop\project_test (1) 2-1\Debug\Exe\test.out" --map
#        "C:\Users\pnu3\Desktop\project_test (1) 2-1\Debug\List\test.map" --log
#        libraries,initialization,modules,redirects,sections,veneers,unused_fragments,call_graph
#        --log_file "C:\Users\pnu3\Desktop\project_test (1)
#        2-1\Debug\List\test.log" --config "C:\Program Files (x86)\IAR
#        Systems\Embedded Workbench 8.0\arm\config\linker\ST\stm32f107xC.icf"
#        --semihosting --entry __iar_program_start --vfe --text_out locale)
#
###############################################################################

*******************************************************************************
*** RUNTIME MODEL ATTRIBUTES
***

CppFlavor       = *
__SystemLibrary = DLib
__dlib_version  = 6


*******************************************************************************
*** HEAP SELECTION
***

The basic heap was selected because no calls to memory allocation
functions were found in the application outside of system library
functions, and there are calls to deallocation functions in the
application.


*******************************************************************************
*** PLACEMENT SUMMARY
***

"A0":  place at 0x08000000 { ro section .intvec };
"P1":  place in [from 0x08000000 to 0x0803ffff] { ro };
define block CSTACK with size = 4K, alignment = 8 { };
define block HEAP with size = 4K, alignment = 8 { };
"P2":  place in [from 0x20000000 to 0x2000ffff] {
          rw, block CSTACK, block HEAP };
initialize by copy { rw };

  Section            Kind        Address    Size  Object
  -------            ----        -------    ----  ------
"A0":                                      0x150
  .intvec            ro code  0x08000000   0x150  startup_stm32f10x_cl.o [1]
                            - 0x08000150   0x150

"P1":                                     0x192d
  .text              ro code  0x08000150   0x710  main.o [1]
  .text              ro code  0x08000860   0x1b0  stm32f10x_rcc.o [1]
  .text              ro code  0x08000a10    0xc4  stm32f10x_gpio.o [1]
  .text              ro code  0x08000ad4   0x1a4  stm32f10x_usart.o [1]
  .text              ro code  0x08000c78    0x80  misc.o [1]
  .text              ro code  0x08000cf8   0x246  stm32f10x_adc.o [1]
  .text              ro code  0x08000f40    0x1a  U32ToDbl.o [4]
  .text              ro code  0x08000f5c   0x594  stm32f10x_tim.o [1]
  .text              ro code  0x080014f0   0x170  stm32f10x_HC-SR04.o [1]
  .text              ro code  0x08001660    0x22  S32ToDbl.o [4]
  .text              ro code  0x08001684    0x2e  DblCmpLe.o [4]
  .text              ro code  0x080016b4   0x1a4  system_stm32f10x.o [1]
  .text              ro code  0x08001858    0x38  packbits_init_single.o [5]
  .text              ro code  0x08001890    0x28  data_init.o [5]
  .iar.init_table    const    0x080018b8    0x10  - Linker created -
  .text              ro code  0x080018c8    0x1e  cmain.o [5]
  .text              ro code  0x080018e6     0x4  low_level_init.o [3]
  .text              ro code  0x080018ea     0x4  exit.o [3]
  .text              ro code  0x080018f0     0xa  cexit.o [5]
  .text              ro code  0x080018fc    0x14  exit.o [6]
  .text              ro code  0x08001910    0x12  stm32f10x_it.o [1]
  .text              ro code  0x08001924    0x10  startup_stm32f10x_cl.o [1]
  .text              ro code  0x08001934     0xc  cstartup_M.o [5]
  .text              ro code  0x08001940     0x4  startup_stm32f10x_cl.o [1]
  .text              ro code  0x08001944     0x4  startup_stm32f10x_cl.o [1]
  .text              ro code  0x08001948     0x4  startup_stm32f10x_cl.o [1]
  .text              ro code  0x0800194c     0x4  startup_stm32f10x_cl.o [1]
  .text              ro code  0x08001950     0x4  startup_stm32f10x_cl.o [1]
  .text              ro code  0x08001954     0x4  startup_stm32f10x_cl.o [1]
  .text              ro code  0x08001958     0x4  startup_stm32f10x_cl.o [1]
  .text              ro code  0x0800195c     0x4  startup_stm32f10x_cl.o [1]
  .text              ro code  0x08001960     0x4  startup_stm32f10x_cl.o [1]
  .text              ro code  0x08001964     0x4  startup_stm32f10x_cl.o [1]
  .text              ro code  0x08001968     0x4  startup_stm32f10x_cl.o [1]
  .text              ro code  0x0800196c     0x4  startup_stm32f10x_cl.o [1]
  .text              ro code  0x08001970     0x4  startup_stm32f10x_cl.o [1]
  .text              ro code  0x08001974     0x4  startup_stm32f10x_cl.o [1]
  .text              ro code  0x08001978     0x4  startup_stm32f10x_cl.o [1]
  .text              ro code  0x0800197c     0x4  startup_stm32f10x_cl.o [1]
  .text              ro code  0x08001980     0x4  startup_stm32f10x_cl.o [1]
  .text              ro code  0x08001984     0x4  startup_stm32f10x_cl.o [1]
  .text              ro code  0x08001988     0x4  startup_stm32f10x_cl.o [1]
  .text              ro code  0x0800198c     0x4  startup_stm32f10x_cl.o [1]
  .text              ro code  0x08001990     0x4  startup_stm32f10x_cl.o [1]
  .text              ro code  0x08001994     0x4  startup_stm32f10x_cl.o [1]
  .text              ro code  0x08001998     0x4  startup_stm32f10x_cl.o [1]
  .text              ro code  0x0800199c     0x4  startup_stm32f10x_cl.o [1]
  .text              ro code  0x080019a0     0x4  startup_stm32f10x_cl.o [1]
  .text              ro code  0x080019a4     0x4  startup_stm32f10x_cl.o [1]
  .text              ro code  0x080019a8     0x4  startup_stm32f10x_cl.o [1]
  .text              ro code  0x080019ac     0x4  startup_stm32f10x_cl.o [1]
  .text              ro code  0x080019b0     0x4  startup_stm32f10x_cl.o [1]
  .text              ro code  0x080019b4     0x4  startup_stm32f10x_cl.o [1]
  .text              ro code  0x080019b8     0x4  startup_stm32f10x_cl.o [1]
  .text              ro code  0x080019bc     0x4  startup_stm32f10x_cl.o [1]
  .text              ro code  0x080019c0     0x4  startup_stm32f10x_cl.o [1]
  .text              ro code  0x080019c4     0x4  startup_stm32f10x_cl.o [1]
  .text              ro code  0x080019c8     0x4  startup_stm32f10x_cl.o [1]
  .text              ro code  0x080019cc     0x4  startup_stm32f10x_cl.o [1]
  .text              ro code  0x080019d0     0x4  startup_stm32f10x_cl.o [1]
  .text              ro code  0x080019d4     0x4  startup_stm32f10x_cl.o [1]
  .text              ro code  0x080019d8     0x4  startup_stm32f10x_cl.o [1]
  .text              ro code  0x080019dc     0x4  startup_stm32f10x_cl.o [1]
  .text              ro code  0x080019e0     0x4  startup_stm32f10x_cl.o [1]
  .text              ro code  0x080019e4     0x4  startup_stm32f10x_cl.o [1]
  .text              ro code  0x080019e8     0x4  startup_stm32f10x_cl.o [1]
  .text              ro code  0x080019ec     0x4  startup_stm32f10x_cl.o [1]
  .text              ro code  0x080019f0     0x4  startup_stm32f10x_cl.o [1]
  .text              ro code  0x080019f4     0x4  startup_stm32f10x_cl.o [1]
  .text              ro code  0x080019f8     0x4  startup_stm32f10x_cl.o [1]
  .text              ro code  0x080019fc     0x4  startup_stm32f10x_cl.o [1]
  .text              ro code  0x08001a00     0x4  startup_stm32f10x_cl.o [1]
  .text              ro code  0x08001a04     0x4  startup_stm32f10x_cl.o [1]
  .text              ro code  0x08001a08     0x4  startup_stm32f10x_cl.o [1]
  .text              ro code  0x08001a0c     0x4  startup_stm32f10x_cl.o [1]
  .text              ro code  0x08001a10     0x4  startup_stm32f10x_cl.o [1]
  .text              ro code  0x08001a14     0x4  startup_stm32f10x_cl.o [1]
  .text              ro code  0x08001a18     0x4  startup_stm32f10x_cl.o [1]
  .text              ro code  0x08001a1c     0x4  startup_stm32f10x_cl.o [1]
  .text              ro code  0x08001a20     0x4  startup_stm32f10x_cl.o [1]
  .text              ro code  0x08001a24     0x4  startup_stm32f10x_cl.o [1]
  .text              ro code  0x08001a28     0x4  startup_stm32f10x_cl.o [1]
  .text              ro code  0x08001a2c     0x4  startup_stm32f10x_cl.o [1]
  .text              ro code  0x08001a30     0x4  startup_stm32f10x_cl.o [1]
  .text              ro code  0x08001a34     0x4  startup_stm32f10x_cl.o [1]
  .text              ro code  0x08001a38     0x4  startup_stm32f10x_cl.o [1]
  .text              ro code  0x08001a3c     0x4  startup_stm32f10x_cl.o [1]
  .text              ro code  0x08001a40     0x4  startup_stm32f10x_cl.o [1]
  .text              ro code  0x08001a44     0x4  startup_stm32f10x_cl.o [1]
  .text              ro code  0x08001a48     0x4  startup_stm32f10x_cl.o [1]
  .text              ro code  0x08001a4c     0x4  startup_stm32f10x_cl.o [1]
  .text              ro code  0x08001a50     0x4  startup_stm32f10x_cl.o [1]
  .text              ro code  0x08001a54     0x4  startup_stm32f10x_cl.o [1]
  .rodata            const    0x08001a58     0x0  packbits_init_single.o [5]
  Initializer bytes  const    0x08001a58    0x25  <for P2-1>
                            - 0x08001a7d  0x192d

"P2", part 1 of 2:                          0x40
  P2-1                        0x20000000    0x40  <Init block>
    .data            inited   0x20000000     0x8  main.o [1]
    .data            inited   0x20000008     0x8  main.o [1]
    .bss             inited   0x20000010     0x8  main.o [1]
    .bss             inited   0x20000018     0x8  main.o [1]
    .data            inited   0x20000020    0x10  stm32f10x_rcc.o [1]
    .data            inited   0x20000030     0x4  stm32f10x_rcc.o [1]
    .data            inited   0x20000034     0x4  system_stm32f10x.o [1]
    .bss             inited   0x20000038     0x4  main.o [1]
    .bss             inited   0x2000003c     0x1  main.o [1]
    .bss             inited   0x2000003d     0x1  main.o [1]
    .bss             inited   0x2000003e     0x1  main.o [1]
    .bss             inited   0x2000003f     0x1  main.o [1]
                            - 0x20000040    0x40

"P2", part 2 of 2:                        0x1000
  CSTACK                      0x20000040  0x1000  <Block>
    CSTACK           uninit   0x20000040  0x1000  <Block tail>
                            - 0x20001040  0x1000


*******************************************************************************
*** INIT TABLE
***

          Address     Size
          -------     ----
Copy/packbits (__iar_packbits_init_single3)
    1 source range, total size 0x25 (57% of destination):
          0x08001a58  0x25
    1 destination range, total size 0x40:
          0x20000000  0x40



*******************************************************************************
*** MODULE SUMMARY
***

    Module                  ro code  ro data  rw data
    ------                  -------  -------  -------
C:\Users\pnu3\Desktop\project_test (1) 2-1\Debug\Obj: [1]
    main.o                    1 808       23       40
    misc.o                      128
    startup_stm32f10x_cl.o      632
    stm32f10x_HC-SR04.o         368
    stm32f10x_adc.o             582
    stm32f10x_gpio.o            196
    stm32f10x_it.o               18
    stm32f10x_rcc.o             432       12       20
    stm32f10x_tim.o           1 428
    stm32f10x_usart.o           420
    system_stm32f10x.o          420        2        4
    -------------------------------------------------
    Total:                    6 432       37       64

command line: [2]
    -------------------------------------------------
    Total:

dl7M_tln.a: [3]
    exit.o                        4
    low_level_init.o              4
    -------------------------------------------------
    Total:                        8

m7M_tl.a: [4]
    DblCmpLe.o                   46
    S32ToDbl.o                   34
    U32ToDbl.o                   26
    -------------------------------------------------
    Total:                      106

rt7M_tl.a: [5]
    cexit.o                      10
    cmain.o                      30
    cstartup_M.o                 12
    data_init.o                  40
    packbits_init_single.o       56
    -------------------------------------------------
    Total:                      148

shb_l.a: [6]
    exit.o                       20
    -------------------------------------------------
    Total:                       20

    Gaps                         14
    Linker created                        16    4 096
-----------------------------------------------------
    Grand Total:              6 728       53    4 160


*******************************************************************************
*** ENTRY LIST
***

Entry                      Address   Size  Type      Object
-----                      -------   ----  ----      ------
.iar.init_table$$Base   0x080018b8          --   Gb  - Linker created -
.iar.init_table$$Limit  0x080018c8          --   Gb  - Linker created -
?main                   0x080018c9         Code  Gb  cmain.o [5]
ADC1_2_IRQHandler       0x08000523   0x2c  Code  Gb  main.o [1]
ADCPrescTable           0x20000030    0x4  Data  Lc  stm32f10x_rcc.o [1]
ADC_ClearITPendingBit   0x08000f31    0xe  Code  Gb  stm32f10x_adc.o [1]
ADC_Cmd                 0x08000d9f   0x1a  Code  Gb  stm32f10x_adc.o [1]
ADC_Configure           0x08000491   0x92  Code  Gb  main.o [1]
ADC_DeInit              0x08000cf9   0x5c  Code  Gb  stm32f10x_adc.o [1]
ADC_GetCalibrationStatus
                        0x08000dfd   0x12  Code  Gb  stm32f10x_adc.o [1]
ADC_GetConversionValue  0x08000eef    0x6  Code  Gb  stm32f10x_adc.o [1]
ADC_GetITStatus         0x08000f09   0x28  Code  Gb  stm32f10x_adc.o [1]
ADC_GetResetCalibrationStatus
                        0x08000de1   0x12  Code  Gb  stm32f10x_adc.o [1]
ADC_ITConfig            0x08000db9   0x1e  Code  Gb  stm32f10x_adc.o [1]
ADC_Init                0x08000d55   0x4a  Code  Gb  stm32f10x_adc.o [1]
ADC_RegularChannelConfig
                        0x08000e29   0xc6  Code  Gb  stm32f10x_adc.o [1]
ADC_ResetCalibration    0x08000dd7    0xa  Code  Gb  stm32f10x_adc.o [1]
ADC_SoftwareStartConvCmd
                        0x08000e0f   0x1a  Code  Gb  stm32f10x_adc.o [1]
ADC_StartCalibration    0x08000df3    0xa  Code  Gb  stm32f10x_adc.o [1]
APBAHBPrescTable        0x20000020   0x10  Data  Lc  stm32f10x_rcc.o [1]
BusFault_Handler        0x08001917    0x2  Code  Gb  stm32f10x_it.o [1]
CSTACK$$Base            0x20000040          --   Gb  - Linker created -
CSTACK$$Limit           0x20001040          --   Gb  - Linker created -
DebugMon_Handler        0x0800191d    0x2  Code  Gb  stm32f10x_it.o [1]
EnableHCSR04PeriphClock
                        0x080014f1   0x1c  Code  Gb  stm32f10x_HC-SR04.o [1]
GPIO_Configure          0x080001cb  0x118  Code  Gb  main.o [1]
GPIO_Init               0x08000a11   0xc4  Code  Gb  stm32f10x_gpio.o [1]
HCSR04GetDistance       0x080015ff   0x4c  Code  Gb  stm32f10x_HC-SR04.o [1]
HardFault_Handler       0x08001913    0x2  Code  Gb  stm32f10x_it.o [1]
InitHCSR04              0x080015ef   0x10  Code  Gb  stm32f10x_HC-SR04.o [1]
MemManage_Handler       0x08001915    0x2  Code  Gb  stm32f10x_it.o [1]
NMI_Handler             0x08001911    0x2  Code  Gb  stm32f10x_it.o [1]
NVIC_Configure          0x08000407   0x8a  Code  Gb  main.o [1]
NVIC_Init               0x08000c83   0x60  Code  Gb  misc.o [1]
NVIC_PriorityGroupConfig
                        0x08000c79    0xa  Code  Gb  misc.o [1]
PendSV_Handler          0x0800191f    0x2  Code  Gb  stm32f10x_it.o [1]
RCC_APB1PeriphClockCmd  0x08000985   0x20  Code  Gb  stm32f10x_rcc.o [1]
RCC_APB1PeriphResetCmd  0x080009c5   0x20  Code  Gb  stm32f10x_rcc.o [1]
RCC_APB2PeriphClockCmd  0x08000965   0x20  Code  Gb  stm32f10x_rcc.o [1]
RCC_APB2PeriphResetCmd  0x080009a5   0x20  Code  Gb  stm32f10x_rcc.o [1]
RCC_Configure           0x0800016f   0x5c  Code  Gb  main.o [1]
RCC_GetClocksFreq       0x08000861  0x104  Code  Gb  stm32f10x_rcc.o [1]
Region$$Table$$Base     0x080018b8          --   Gb  - Linker created -
Region$$Table$$Limit    0x080018c8          --   Gb  - Linker created -
SVC_Handler             0x0800191b    0x2  Code  Gb  stm32f10x_it.o [1]
SetSysClock             0x0800171b    0x8  Code  Lc  system_stm32f10x.o [1]
SetSysClockTo72         0x08001723  0x110  Code  Lc  system_stm32f10x.o [1]
SysTick_Handler         0x08001921    0x2  Code  Gb  stm32f10x_it.o [1]
SystemCoreClock         0x20000034    0x4  Data  Gb  system_stm32f10x.o [1]
SystemInit              0x080016b5   0x66  Code  Gb  system_stm32f10x.o [1]
TI1_Config              0x080013cf   0x66  Code  Lc  stm32f10x_tim.o [1]
TI2_Config              0x0800143d   0x6e  Code  Lc  stm32f10x_tim.o [1]
TIM4_Configure          0x0800054f   0x6c  Code  Gb  main.o [1]
TIM_ARRPreloadConfig    0x08001349   0x1c  Code  Gb  stm32f10x_tim.o [1]
TIM_ClearFlag           0x080013c7    0x8  Code  Gb  stm32f10x_tim.o [1]
TIM_Cmd                 0x080012fb   0x1c  Code  Gb  stm32f10x_tim.o [1]
TIM_CtrlPWMOutputs      0x08001317   0x22  Code  Gb  stm32f10x_tim.o [1]
TIM_DeInit              0x08000f5d  0x1de  Code  Gb  stm32f10x_tim.o [1]
TIM_GetCapture1         0x080013ad    0x4  Code  Gb  stm32f10x_tim.o [1]
TIM_GetCapture2         0x080013b1    0x4  Code  Gb  stm32f10x_tim.o [1]
TIM_GetFlagStatus       0x080013b5   0x12  Code  Gb  stm32f10x_tim.o [1]
TIM_OC3Init             0x080011cd   0x88  Code  Gb  stm32f10x_tim.o [1]
TIM_OC3PreloadConfig    0x08001365   0x10  Code  Gb  stm32f10x_tim.o [1]
TIM_OCStructInit        0x080012d9   0x22  Code  Gb  stm32f10x_tim.o [1]
TIM_PWMIConfig          0x08001255   0x84  Code  Gb  stm32f10x_tim.o [1]
TIM_SelectInputTrigger  0x08001339   0x10  Code  Gb  stm32f10x_tim.o [1]
TIM_SelectMasterSlaveMode
                        0x08001375   0x12  Code  Gb  stm32f10x_tim.o [1]
TIM_SetIC1Prescaler     0x08001387   0x12  Code  Gb  stm32f10x_tim.o [1]
TIM_SetIC2Prescaler     0x08001399   0x14  Code  Gb  stm32f10x_tim.o [1]
TIM_TimeBaseInit        0x0800113b   0x92  Code  Gb  stm32f10x_tim.o [1]
USART1_IRQHandler       0x0800037b   0x36  Code  Gb  main.o [1]
USART1_Init             0x080002e3   0x4c  Code  Gb  main.o [1]
USART2_IRQHandler       0x080003b1   0x36  Code  Gb  main.o [1]
USART2_Init             0x0800032f   0x4c  Code  Gb  main.o [1]
USART_ClearITPendingBit
                        0x08000c63   0x16  Code  Gb  stm32f10x_usart.o [1]
USART_Cmd               0x08000b91   0x1c  Code  Gb  stm32f10x_usart.o [1]
USART_GetITStatus       0x08000c07   0x5c  Code  Gb  stm32f10x_usart.o [1]
USART_ITConfig          0x08000bad   0x4a  Code  Gb  stm32f10x_usart.o [1]
USART_Init              0x08000ad5   0xb6  Code  Gb  stm32f10x_usart.o [1]
USART_ReceiveData       0x08000bff    0x8  Code  Gb  stm32f10x_usart.o [1]
USART_SendData          0x08000bf7    0x8  Code  Gb  stm32f10x_usart.o [1]
UsageFault_Handler      0x08001919    0x2  Code  Gb  stm32f10x_it.o [1]
__NVIC_EnableIRQ        0x08000151   0x1e  Code  Lc  main.o [1]
__aeabi_cdcmple         0x08001685         Code  Gb  DblCmpLe.o [4]
__aeabi_i2d             0x08001661         Code  Gb  S32ToDbl.o [4]
__aeabi_ui2d            0x08000f41         Code  Gb  U32ToDbl.o [4]
__cmain                 0x080018c9         Code  Gb  cmain.o [5]
__exit                  0x080018fd   0x14  Code  Gb  exit.o [6]
__iar_data_init3        0x08001891   0x28  Code  Gb  data_init.o [5]
__iar_packbits_init_single3
                        0x08001859   0x38  Code  Gb  packbits_init_single.o [5]
__iar_program_start     0x08001935         Code  Gb  cstartup_M.o [5]
__iar_systems$$module {Abs}
                        0x00000001         Data  Gb  command line/config [2]
__low_level_init        0x080018e7    0x4  Code  Gb  low_level_init.o [3]
__vector_table          0x08000000         Data  Gb  startup_stm32f10x_cl.o [1]
_call_main              0x080018d5         Code  Gb  cmain.o [5]
_exit                   0x080018f1         Code  Gb  cexit.o [5]
_main                   0x080018e3         Code  Gb  cmain.o [5]
close                   0x08000653   0x30  Code  Gb  main.o [1]
detectPerson            0x080005f1   0x3a  Code  Gb  main.o [1]
dist                    0x20000018    0x8  Data  Gb  main.o [1]
exit                    0x080018eb    0x4  Code  Gb  exit.o [3]
flag                    0x20000038    0x4  Data  Gb  main.o [1]
flagUART1               0x2000003c    0x1  Data  Gb  main.o [1]
flagUART2               0x2000003d    0x1  Data  Gb  main.o [1]
initMeasureTimer        0x0800150d   0xaa  Code  Lc  stm32f10x_HC-SR04.o [1]
initPins                0x080015b7   0x38  Code  Lc  stm32f10x_HC-SR04.o [1]
isOpen                  0x080005df   0x12  Code  Gb  main.o [1]
main                    0x08000729   0xd0  Code  Gb  main.o [1]
moveMotor               0x080005bb   0x24  Code  Gb  main.o [1]
open                    0x0800062b   0x28  Code  Gb  main.o [1]
pressureThreshold1      0x20000000    0x8  Data  Gb  main.o [1]
pressureThreshold2      0x20000008    0x8  Data  Gb  main.o [1]
pressureValue           0x20000010    0x8  Data  Gb  main.o [1]
sendDataUART1           0x080003e7   0x10  Code  Gb  main.o [1]
sendDataUART2           0x080003f7   0x10  Code  Gb  main.o [1]
setRGBLED               0x08000683   0xa6  Code  Gb  main.o [1]
wordFromUART1           0x2000003e    0x1  Data  Gb  main.o [1]
wordFromUART2           0x2000003f    0x1  Data  Gb  main.o [1]


[1] = C:\Users\pnu3\Desktop\project_test (1) 2-1\Debug\Obj
[2] = command line
[3] = dl7M_tln.a
[4] = m7M_tl.a
[5] = rt7M_tl.a
[6] = shb_l.a

  6 728 bytes of readonly  code memory
     53 bytes of readonly  data memory
  4 160 bytes of readwrite data memory

Errors: none
Warnings: none
